{
  "Key": "ABC",
  "Type": "Z",
  "SubjectId": "subject",
  "SessionId": "Session",
  "ClientId": "123",
  "Description": null,
  "CreationTime": "2020-09-18T19:10:41.729Z",
  "Expiration": null,
  "ConsumedTime": null,
  "Data": null
}
