{
  "errors": [
    {
      "message": "The current user is not authorized to access this resource.",
      "locations": [
        {
          "line": 2,
          "column": 3
        }
      ],
      "path": [
        "createClient"
      ],
      "extensions": {
        "code": "AUTH_NOT_AUTHENTICATED"
      }
    }
  ]
}
