{
  "data": {
    "tenants": [
      {
        "id": "TestTenant",
        "description": "testing"
      }
    ]
  }
}
